<html>
<body>
<pre>
<h1>礦ision Build Log</h1>
<h2>Tool Versions:</h2>
IDE-Version: μVision V5.15
Copyright (C) 2015 ARM Ltd and ARM Germany GmbH. All rights reserved.
License Information:  ,  , LIC=FQQCX-HGX0Z-15VTV-PZWN3-5TI5C-II3J6
 
Tool Versions:
Toolchain:       MDK-ARM Professional  Version: 5.15.0
Toolchain Path:  D:\KEIL 5-MDK\ARM\ARMCC\Bin
C Compiler:      Armcc.exe V5.05 update 2 (build 169)
Assembler:       Armasm.exe V5.05 update 2 (build 169)
Linker/Locator:  ArmLink.exe V5.05 update 2 (build 169)
Library Manager: ArmAr.exe V5.05 update 2 (build 169)
Hex Converter:   FromElf.exe V5.05 update 2 (build 169)
CPU DLL:         SARMCM3.DLL V5.15.0
Dialog DLL:      DCM.DLL V1.13.2.0
Target DLL:      CMSIS_AGDI.dll V1.21.12.0
Dialog DLL:      TCM.DLL V1.14.5.0
 
<h2>Project:</h2>
D:\野火开发板\0-野火【F103开发板-指南者】课件\0-视频配套的PPT和程序汇总（视频里写的代码都放在这里）\08-使用寄存器点亮LED\8-使用寄存器点亮LED\REG-LED\BH-F103.uvprojx
Project File Date:  07/25/2016

<h2>Output:</h2>
*** Using Compiler 'V5.05 update 2 (build 169)', folder: 'D:\KEIL 5-MDK\ARM\ARMCC\Bin'
Rebuild target 'Template-REG'
assembling startup_stm32f10x_hd.s...
compiling main.c...
linking...
Program Size: Code=372 RO-data=320 RW-data=0 ZI-data=1632  
FromELF: creating hex file...
".\Objects\Template-REG.axf" - 0 Error(s), 0 Warning(s).

<h2>Collection of Component include folders:</h2>
  D:\野火开发板\0-野火【F103开发板-指南者】课件\0-视频配套的PPT和程序汇总（视频里写的代码都放在这里）\08-使用寄存器点亮LED\8-使用寄存器点亮LED\REG-LED\RTE
  D:\KEIL 5-MDK\ARM\PACK\Keil\STM32F1xx_DFP\1.1.0\Device\Include

<h2>Collection of Component Files used:</h2>
</pre>
</body>
</html>
